
> portfolio@0.0.0 build
> vite build

[36mvite v8.0.11 [32mbuilding client environment for production...[36m[39m
[2K
transforming...Γ£ô 2140 modules transformed.
node.exe : [31mΓ£ù[39m Build failed in 897ms
At line:1 char:1
+ & "C:\Program Files\nodejs/node.exe" "C:\Program Files\nodejs/node_mo ...
+ ~~~~~~~~~~~~~~~~~~~~~~~~~~~~~~~~~~~~~~~~~~~~~~~~~~~~~~~~~~~~~~~~~~~~~
    + CategoryInfo          : NotSpecified: ([31mΓ£ù[39m Build failed in 897ms:String) [], RemoteException
    + FullyQualifiedErrorId : NativeCommandError
 
[31merror during build:
[31mBuild failed with 1 error:

[plugin vite:css] E:/portfolio/src/index.css:undefined:NaN
Error: [postcss] It looks like you're trying to use `tailwindcss` directly as a PostCSS plugin. The PostCSS plugin has 
moved to a separate package, so to continue using Tailwind CSS with PostCSS you'll need to install 
`@tailwindcss/postcss` and update your PostCSS configuration.
    at ft (E:\portfolio\node_modules\tailwindcss\dist\lib.js:38:1643)
    at LazyResult.runOnRoot (E:\portfolio\node_modules\postcss\lib\lazy-result.js:361:16)
    at LazyResult.runAsync (E:\portfolio\node_modules\postcss\lib\lazy-result.js:290:26)
    at async runPostCSS (file:///E:/portfolio/node_modules/vite/dist/node/chunks/node.js:21043:19)
    at async compilePostCSS (file:///E:/portfolio/node_modules/vite/dist/node/chunks/node.js:21027:6)
    at async compileCSS (file:///E:/portfolio/node_modules/vite/dist/node/chunks/node.js:20957:26)
    at async TransformPluginContextImpl.handler 
(file:///E:/portfolio/node_modules/vite/dist/node/chunks/node.js:20470:47)
    at async plugin 
(file:///E:/portfolio/node_modules/rolldown/dist/shared/bindingify-input-options-DQ2Xw70P.mjs:1172:16)
    at async plugin.<computed> 
(file:///E:/portfolio/node_modules/rolldown/dist/shared/bindingify-input-options-DQ2Xw70P.mjs:1612:12)[31m
    at aggregateBindingErrorsIntoJsError 
(file:///E:/portfolio/node_modules/rolldown/dist/shared/error-D4ASW9r2.mjs:48:18)
    at unwrapBindingResult (file:///E:/portfolio/node_modules/rolldown/dist/shared/error-D4ASW9r2.mjs:18:128)
    at #build (file:///E:/portfolio/node_modules/rolldown/dist/shared/rolldown-build-CorVA9v1.mjs:3255:34)
    at async buildEnvironment (file:///E:/portfolio/node_modules/vite/dist/node/chunks/node.js:33033:64)
    at async Object.build (file:///E:/portfolio/node_modules/vite/dist/node/chunks/node.js:33455:19)
    at async Object.buildApp (file:///E:/portfolio/node_modules/vite/dist/node/chunks/node.js:33452:153)
    at async CAC.<anonymous> (file:///E:/portfolio/node_modules/vite/dist/node/cli.js:778:3) {
  errors: [Getter/Setter]
}[39m
